testing/go1.22.windows-amd64.zip             -> https://download.visualstudio.microsoft.com/download/pr/8330ba2b/62f44/go1.23-90bcc55-20240626.1.windows-amd64.zip
testing/go1.22.windows-amd64.zip.sha256      -> https://download.visualstudio.microsoft.com/download/pr/8330ba2b/41bc5/go1.23-90bcc55-20240626.1.windows-amd64.zip.sha256
testing/go1.22.linux-amd64.tar.gz            -> https://download.visualstudio.microsoft.com/download/pr/8330ba2b/333aa/go1.23-90bcc55-20240626.1.linux-amd64.tar.gz
testing/go1.22.linux-amd64.tar.gz.sha256     -> https://download.visualstudio.microsoft.com/download/pr/8330ba2b/87654/go1.23-90bcc55-20240626.1.linux-amd64.tar.gz.sha256
testing/go1.22.linux-amd64.tar.gz.sig        -> https://download.visualstudio.microsoft.com/download/pr/8330ba2b/12345/go1.23-90bcc55-20240626.1.linux-amd64.tar.gz.sig
testing/go1.22.src.tar.gz                    -> https://download.visualstudio.microsoft.com/download/pr/8330ba2b/3b32d/go1.23-90bcc55-20240626.1.src.tar.gz
testing/go1.22.src.tar.gz.sha256             -> https://download.visualstudio.microsoft.com/download/pr/8330ba2b/66dda/go1.23-90bcc55-20240626.1.src.tar.gz.sha256
testing/go1.22.src.tar.gz.sig                -> https://download.visualstudio.microsoft.com/download/pr/8330ba2b/af253/go1.23-90bcc55-20240626.1.src.tar.gz.sig
testing/go1.22.assets.json                   -> https://download.visualstudio.microsoft.com/download/pr/1234-56-78-123456/3df7/assets.json
testing/go1.22.3.windows-amd64.zip           -> https://download.visualstudio.microsoft.com/download/pr/8330ba2b/62f44/go1.23-90bcc55-20240626.1.windows-amd64.zip
testing/go1.22.3.windows-amd64.zip.sha256    -> https://download.visualstudio.microsoft.com/download/pr/8330ba2b/41bc5/go1.23-90bcc55-20240626.1.windows-amd64.zip.sha256
testing/go1.22.3.linux-amd64.tar.gz          -> https://download.visualstudio.microsoft.com/download/pr/8330ba2b/333aa/go1.23-90bcc55-20240626.1.linux-amd64.tar.gz
testing/go1.22.3.linux-amd64.tar.gz.sha256   -> https://download.visualstudio.microsoft.com/download/pr/8330ba2b/87654/go1.23-90bcc55-20240626.1.linux-amd64.tar.gz.sha256
testing/go1.22.3.linux-amd64.tar.gz.sig      -> https://download.visualstudio.microsoft.com/download/pr/8330ba2b/12345/go1.23-90bcc55-20240626.1.linux-amd64.tar.gz.sig
testing/go1.22.3.src.tar.gz                  -> https://download.visualstudio.microsoft.com/download/pr/8330ba2b/3b32d/go1.23-90bcc55-20240626.1.src.tar.gz
testing/go1.22.3.src.tar.gz.sha256           -> https://download.visualstudio.microsoft.com/download/pr/8330ba2b/66dda/go1.23-90bcc55-20240626.1.src.tar.gz.sha256
testing/go1.22.3.src.tar.gz.sig              -> https://download.visualstudio.microsoft.com/download/pr/8330ba2b/af253/go1.23-90bcc55-20240626.1.src.tar.gz.sig
testing/go1.22.3.assets.json                 -> https://download.visualstudio.microsoft.com/download/pr/1234-56-78-123456/3df7/assets.json
testing/go1.22.3-1.windows-amd64.zip         -> https://download.visualstudio.microsoft.com/download/pr/8330ba2b/62f44/go1.23-90bcc55-20240626.1.windows-amd64.zip
testing/go1.22.3-1.windows-amd64.zip.sha256  -> https://download.visualstudio.microsoft.com/download/pr/8330ba2b/41bc5/go1.23-90bcc55-20240626.1.windows-amd64.zip.sha256
testing/go1.22.3-1.linux-amd64.tar.gz        -> https://download.visualstudio.microsoft.com/download/pr/8330ba2b/333aa/go1.23-90bcc55-20240626.1.linux-amd64.tar.gz
testing/go1.22.3-1.linux-amd64.tar.gz.sha256 -> https://download.visualstudio.microsoft.com/download/pr/8330ba2b/87654/go1.23-90bcc55-20240626.1.linux-amd64.tar.gz.sha256
testing/go1.22.3-1.linux-amd64.tar.gz.sig    -> https://download.visualstudio.microsoft.com/download/pr/8330ba2b/12345/go1.23-90bcc55-20240626.1.linux-amd64.tar.gz.sig
testing/go1.22.3-1.src.tar.gz                -> https://download.visualstudio.microsoft.com/download/pr/8330ba2b/3b32d/go1.23-90bcc55-20240626.1.src.tar.gz
testing/go1.22.3-1.src.tar.gz.sha256         -> https://download.visualstudio.microsoft.com/download/pr/8330ba2b/66dda/go1.23-90bcc55-20240626.1.src.tar.gz.sha256
testing/go1.22.3-1.src.tar.gz.sig            -> https://download.visualstudio.microsoft.com/download/pr/8330ba2b/af253/go1.23-90bcc55-20240626.1.src.tar.gz.sig
testing/go1.22.3-1.assets.json               -> https://download.visualstudio.microsoft.com/download/pr/1234-56-78-123456/3df7/assets.json
