testing/go1.17.linux-amd64.tar.gz            -> https://example.org/golang/build/1234.10/go.1234.10.linux-amd64.tar.gz
testing/go1.17.linux-amd64.tar.gz.sha256     -> https://example.org/golang/build/1234.10/go.1234.10.linux-amd64.tar.gz.sha256
testing/go1.17.linux-amd64.tar.gz.sig        -> https://example.org/golang/build/1234.10/go.1234.10.linux-amd64.tar.gz.sig
testing/go1.17.src.tar.gz                    -> https://example.org/golang/build/1234.10/go.1234.10.src.tar.gz
testing/go1.17.src.tar.gz.sha256             -> https://example.org/golang/build/1234.10/go.1234.10.src.tar.gz.sha256
testing/go1.17.src.tar.gz.sig                -> https://example.org/golang/build/1234.10/go.1234.10.src.tar.gz.sig
testing/go1.17.assets.json                   -> https://example.org/golang/build/1234.10/assets.json
testing/go1.17.7.linux-amd64.tar.gz          -> https://example.org/golang/build/1234.10/go.1234.10.linux-amd64.tar.gz
testing/go1.17.7.linux-amd64.tar.gz.sha256   -> https://example.org/golang/build/1234.10/go.1234.10.linux-amd64.tar.gz.sha256
testing/go1.17.7.linux-amd64.tar.gz.sig      -> https://example.org/golang/build/1234.10/go.1234.10.linux-amd64.tar.gz.sig
testing/go1.17.7.src.tar.gz                  -> https://example.org/golang/build/1234.10/go.1234.10.src.tar.gz
testing/go1.17.7.src.tar.gz.sha256           -> https://example.org/golang/build/1234.10/go.1234.10.src.tar.gz.sha256
testing/go1.17.7.src.tar.gz.sig              -> https://example.org/golang/build/1234.10/go.1234.10.src.tar.gz.sig
testing/go1.17.7.assets.json                 -> https://example.org/golang/build/1234.10/assets.json
testing/go1.17.7-1.linux-amd64.tar.gz        -> https://example.org/golang/build/1234.10/go.1234.10.linux-amd64.tar.gz
testing/go1.17.7-1.linux-amd64.tar.gz.sha256 -> https://example.org/golang/build/1234.10/go.1234.10.linux-amd64.tar.gz.sha256
testing/go1.17.7-1.linux-amd64.tar.gz.sig    -> https://example.org/golang/build/1234.10/go.1234.10.linux-amd64.tar.gz.sig
testing/go1.17.7-1.src.tar.gz                -> https://example.org/golang/build/1234.10/go.1234.10.src.tar.gz
testing/go1.17.7-1.src.tar.gz.sha256         -> https://example.org/golang/build/1234.10/go.1234.10.src.tar.gz.sha256
testing/go1.17.7-1.src.tar.gz.sig            -> https://example.org/golang/build/1234.10/go.1234.10.src.tar.gz.sig
testing/go1.17.7-1.assets.json               -> https://example.org/golang/build/1234.10/assets.json
