{
  "branch": "placeholder-branch",
  "buildId": "placeholder-build-id",
  "version": "1.17.2-1",
  "arches": [
    {
      "env": {
        "GOARCH": "amd64",
        "GOOS": "linux"
      },
      "sha256": "0000000000000000000000000000000000000000000000000000000000000000",
      "url": "https://example.org/go.linux-amd64.tar.gz",
      "sha256ChecksumUrl": "https://example.org/go.linux-amd64.tar.gz.sha256",
      "pgpSignatureUrl": "https://example.org/go.linux-amd64.tar.gz.sig"
    },
    {
      "env": {
        "GOARCH": "arm64",
        "GOOS": "linux"
      },
      "sha256": "0000000000000000000000000000000000000000000000000000000000000000",
      "url": "https://example.org/go.linux-arm64.tar.gz",
      "sha256ChecksumUrl": "https://example.org/go.linux-arm64.tar.gz.sha256",
      "pgpSignatureUrl": "https://example.org/go.linux-arm64.tar.gz.sig"
    },
    {
      "env": {
        "GOARCH": "arm",
        "GOARM": "6",
        "GOOS": "linux"
      },
      "sha256": "0000000000000000000000000000000000000000000000000000000000000000",
      "url": "https://example.org/go.linux-armv6l.tar.gz",
      "sha256ChecksumUrl": "https://example.org/go.linux-armv6l.tar.gz.sha256",
      "pgpSignatureUrl": "https://example.org/go.linux-armv6l.tar.gz.sig"
    }
  ],
  "goSrcURL": "",
  "goSrcSHA256": ""
}