unable to get URL for binary archive "go1.23-0def9d5c-20240709.2.windows-amd64.zip": no URL found for "go1.23-0def9d5c-20240709.2.windows-amd64.zip"