- 1
- 2
- 3
- 4
- 5
- - deeper 6
  - deeper 7
- 8
- 9
- 10
