# Test that yaml comments are kept, within reason.
start: here # 1
#3
ifs in a row: 1 #4
#5

#6
high: 5 #7
add-1-5: 6 #8
#9
